nop
nopqrstuvwxyzabcdefghijklmNOPQRSTUVWXYZABCDEFGHIJKLM0123456789!@#$%^&*()